Martingale Simulation Log
Started: 2025-07-28T20:50:37.083Z

[22:50:37] ════════════════════════════════════════════════════════════
[22:50:37] ℹ️  Starting: Martingale Betting System Simulation
[22:50:37] ════════════════════════════════════════════════════════════
[22:50:37] ℹ️  Configuration:
[22:50:37] ℹ️  - European Roulette (37 slots, 48.65% win probability)
[22:50:37] ℹ️  - Initial bet: $1
[22:50:37] ℹ️  - Total runs per target: 100,000
[22:50:37] ℹ️  - Targets: $10, $100, $1000
[22:50:37] ℹ️  - Max bankroll limit: $1,000,000
[22:50:37] ℹ️  
[22:50:37] ════════════════════════════════════════════════════════════
[22:50:37] ℹ️  Starting: Simulating 100,000 runs for $10 target
[22:50:37] ════════════════════════════════════════════════════════════
[22:50:38] 🎯 Results for $10 target:
[22:50:38]    Success Rate: 100.0% (99995/100000)
[22:50:38]    Average Max Bet: $98.286
[22:50:38]    Average Time: 21 minutes
[22:50:38] 
[22:50:38] ════════════════════════════════════════════════════════════
[22:50:38] ✅ Completed: $10 target simulation
[22:50:38] ════════════════════════════════════════════════════════════
[22:50:38] ════════════════════════════════════════════════════════════
[22:50:38] ℹ️  Starting: Simulating 100,000 runs for $100 target
[22:50:38] ════════════════════════════════════════════════════════════
[22:50:40] 🎯 Results for $100 target:
[22:50:40]    Success Rate: 100.0% (99965/100000)
[22:50:40]    Average Max Bet: $776.053
[22:50:40]    Average Time: 3.4 hours
[22:50:40] 
[22:50:40] ════════════════════════════════════════════════════════════
[22:50:40] ✅ Completed: $100 target simulation
[22:50:40] ════════════════════════════════════════════════════════════
[22:50:40] ════════════════════════════════════════════════════════════
[22:50:40] ℹ️  Starting: Simulating 100,000 runs for $1000 target
[22:50:40] ════════════════════════════════════════════════════════════
[22:50:42] 📊 Progress: 50,000/100,000 (50.0%) - Target: $1000
[22:50:44] 📊 Progress: 100,000/100,000 (100.0%) - Target: $1000
[22:50:44] 🎯 Results for $1000 target:
[22:50:44]    Success Rate: 99.7% (99677/100000)
[22:50:44]    Average Max Bet: $5,425.551
[22:50:44]    Average Time: 1.43 days
[22:50:44] 
[22:50:44] ════════════════════════════════════════════════════════════
[22:50:44] ✅ Completed: $1000 target simulation
[22:50:44] ════════════════════════════════════════════════════════════
[22:50:44] ════════════════════════════════════════════════════════════
[22:50:44] ℹ️  Starting: Generating HTML Report
[22:50:44] ════════════════════════════════════════════════════════════
[22:50:44] ✅ HTML report saved to: ./simulation_results.html
[22:50:44] ════════════════════════════════════════════════════════════
[22:50:44] ✅ Completed: HTML Report Generation
[22:50:44] ════════════════════════════════════════════════════════════
[22:50:44] ════════════════════════════════════════════════════════════
[22:50:44] ✅ Completed: Martingale Betting System Simulation
[22:50:44] ════════════════════════════════════════════════════════════
[22:50:44] ℹ️  📊 Simulation completed! Check ./simulation_results.html for detailed results.
